// Jest Snapshot v1, https://goo.gl/fbAQLP

exports[`renders 1`] = `
<div
  className="css-85mkdb-SeedControls"
/>
`;
